// Jest Snapshot v1, https://goo.gl/fbAQLP

exports[`handleBitbucketWebhook Should send message on PR commit 1`] = `
{
  "archivedChannels": [],
  "createdChannels": [],
  "invitesToChannels": [],
  "kicksFromChannels": [],
  "lookedUpUsers": [],
  "searchedChannels": [
    {
      "channelName": "pr-test-proj-test-repository-1",
      "excludeArchived": true,
    },
  ],
  "searchedCommentSnapshots": [],
  "sentMessages": [
    {
      "blocks": [
        {
          "text": {
            "text": "Test Author added <https://git.test.com/projects/TEST-PROJ/repos/test-repository/pull-requests/1/commits/from-ref-commit-hash|new commit>.",
            "type": "mrkdwn",
          },
          "type": "section",
        },
        {
          "text": {
            "text": "Commit message: 
> Test comment for TEST-PROJ, test-repository, from-ref-commit-hash",
            "type": "mrkdwn",
          },
          "type": "section",
        },
        {
          "text": {
            "text": "Please <https://git.test.com/projects/TEST-PROJ/repos/test-repository/pull-requests/1/overview|review the PR>.",
            "type": "mrkdwn",
          },
          "type": "section",
        },
      ],
      "channelId": "12345",
      "iconEmoji": ":bitbucket:",
      "text": "Test Author added <https://git.test.com/projects/TEST-PROJ/repos/test-repository/pull-requests/1/commits/from-ref-commit-hash|new commit>.",
    },
  ],
  "setChannelTopics": [],
}
`;
