// Jest Snapshot v1, https://goo.gl/fbAQLP

exports[`handleBitbucketWebhook Should send completion message and close the channel on PR merge 1`] = `
{
  "addedBookmarks": [],
  "addedReactions": [],
  "archivedChannels": [
    "12345",
  ],
  "createdChannels": [],
  "invitesToChannels": [],
  "kicksFromChannels": [],
  "lookedUpUsers": [],
  "searchedChannels": [
    {
      "channelName": "pr-test-proj-test-repository-1",
      "excludeArchived": true,
    },
  ],
  "searchedCommentSnapshots": [],
  "searchedPrOpenedBroadcastMessages": [],
  "sentMessages": [
    {
      "channelId": "12345",
      "iconEmoji": ":bitbucket:",
      "text": ":white_check_mark: The pull request was merged by Test Author. Well done, thank you all.",
    },
  ],
}
`;

exports[`handleBitbucketWebhook Should send notification to the broadcast channel, if it is specified 1`] = `
{
  "addedBookmarks": [
    {
      "channelId": "12345",
      "emoji": ":git:",
      "link": "https://git.test.com/projects/TEST-PROJ/repos/test-repository/pull-requests/1/overview",
      "title": "Review Pull Request",
    },
  ],
  "addedReactions": [
    {
      "channelId": "test-broadcast-channel-id",
      "messageId": "ABCDE",
      "reaction": "white_check_mark",
    },
  ],
  "archivedChannels": [
    "12345",
  ],
  "createdChannels": [
    {
      "isPrivate": true,
      "name": "pr-test-proj-test-repository-1",
    },
  ],
  "invitesToChannels": [
    {
      "channelId": "12345",
      "force": true,
      "users": [
        "test.author@test.com",
        "test.reviewer1@test.com",
        "test.reviewer2@test.com",
      ],
    },
  ],
  "kicksFromChannels": [],
  "lookedUpUsers": [
    [
      {
        "displayName": "Test Author",
        "emailAddress": "test.author@test.com",
      },
      {
        "displayName": "Test Reviewer 1",
        "emailAddress": "test.reviewer1@test.com",
      },
      {
        "displayName": "Test Reviewer 2",
        "emailAddress": "test.reviewer2@test.com",
      },
    ],
  ],
  "searchedChannels": [
    {
      "channelName": "pr-test-proj-test-repository-1",
      "excludeArchived": true,
    },
  ],
  "searchedCommentSnapshots": [],
  "searchedPrOpenedBroadcastMessages": [
    {
      "channelId": "test-broadcast-channel-id",
      "pullRequestTraits": {
        "projectKey": "TEST-PROJ",
        "pullRequestId": "1",
        "repositorySlug": "test-repository",
      },
    },
  ],
  "sentMessages": [
    {
      "blocks": [
        {
          "text": {
            "text": "Test Author opened <https://git.test.com/projects/TEST-PROJ/repos/test-repository/pull-requests/1/overview|pull request>",
            "type": "mrkdwn",
          },
          "type": "section",
        },
        {
          "type": "divider",
        },
        {
          "elements": [
            {
              "text": "Test pull request description",
              "type": "mrkdwn",
            },
          ],
          "type": "context",
        },
        {
          "type": "divider",
        },
        {
          "text": {
            "text": "Please <https://git.test.com/projects/TEST-PROJ/repos/test-repository/pull-requests/1/overview|review the PR>",
            "type": "mrkdwn",
          },
          "type": "section",
        },
      ],
      "channelId": "12345",
      "iconEmoji": ":bitbucket:",
      "text": "Test Author opened <https://git.test.com/projects/TEST-PROJ/repos/test-repository/pull-requests/1/overview|pull request>",
    },
    {
      "blocks": [
        {
          "text": {
            "text": ":snowboarder: Test Author opened pull request "Test pull request title".",
            "type": "mrkdwn",
          },
          "type": "section",
        },
        {
          "elements": [
            {
              "text": "Assigned reviewers: Test Reviewer 1,Test Reviewer 2.",
              "type": "mrkdwn",
            },
          ],
          "type": "context",
        },
        {
          "text": {
            "text": ":open_hands: You're welcome to <https://git.test.com/projects/TEST-PROJ/repos/test-repository/pull-requests/1/overview|join code review>.",
            "type": "mrkdwn",
          },
          "type": "section",
        },
      ],
      "channelId": "test-broadcast-channel-id",
      "iconEmoji": ":bitbucket:",
      "metadata": {
        "eventPayload": {
          "projectKey": "TEST-PROJ",
          "pullRequestId": "1",
          "repositorySlug": "test-repository",
        },
        "eventType": "bitbucket_pull_request_opened",
      },
      "text": ":snowboarder: Test Author opened pull request "Test pull request title".",
    },
    {
      "channelId": "12345",
      "iconEmoji": ":bitbucket:",
      "text": ":white_check_mark: The pull request was merged by Test Author. Well done, thank you all.",
    },
    {
      "channelId": "test-broadcast-channel-id",
      "iconEmoji": ":bitbucket:",
      "text": ":white_check_mark: The pull request was merged by Test Author. Well done, thank you all.",
      "threadId": "ABCDE",
    },
  ],
}
`;
