// Jest Snapshot v1, https://goo.gl/fbAQLP

exports[`handleBitbucketWebhook Should send message on PR approval/unapproval/needs work 1`] = `
{
  "addedBookmarks": [],
  "archivedChannels": [],
  "createdChannels": [],
  "invitesToChannels": [],
  "kicksFromChannels": [],
  "lookedUpUsers": [],
  "searchedChannels": [
    {
      "channelName": "pr-test-proj-test-repository-1",
      "excludeArchived": true,
    },
    {
      "channelName": "pr-test-proj-test-repository-1",
      "excludeArchived": true,
    },
    {
      "channelName": "pr-test-proj-test-repository-1",
      "excludeArchived": true,
    },
  ],
  "searchedCommentSnapshots": [],
  "searchedPrOpenedBroadcastMessages": [],
  "sentMessages": [
    {
      "blocks": [
        {
          "text": {
            "text": ":traffic_light: Test Reviewer 1 requested changes for the <https://git.test.com/projects/TEST-PROJ/repos/test-repository/pull-requests/1/overview|pull request>.",
            "type": "mrkdwn",
          },
          "type": "section",
        },
        {
          "type": "divider",
        },
        {
          "elements": [
            {
              "text": ":large_yellow_circle:  Approved: 0 |  Requested changes: Test Reviewer 1 |  Not reviewed: Test Reviewer 2",
              "type": "mrkdwn",
            },
          ],
          "type": "context",
        },
      ],
      "channelId": "12345",
      "iconEmoji": ":bitbucket:",
      "text": ":traffic_light: Test Reviewer 1 requested changes for the <https://git.test.com/projects/TEST-PROJ/repos/test-repository/pull-requests/1/overview|pull request>.",
    },
    {
      "blocks": [
        {
          "text": {
            "text": ":traffic_light: Test Reviewer 1 unapproved <https://git.test.com/projects/TEST-PROJ/repos/test-repository/pull-requests/1/overview|pull request>.",
            "type": "mrkdwn",
          },
          "type": "section",
        },
        {
          "type": "divider",
        },
        {
          "elements": [
            {
              "text": ":large_yellow_circle:  Approved: 0 |  Not reviewed: Test Reviewer 1,Test Reviewer 2",
              "type": "mrkdwn",
            },
          ],
          "type": "context",
        },
      ],
      "channelId": "12345",
      "iconEmoji": ":bitbucket:",
      "text": ":traffic_light: Test Reviewer 1 unapproved <https://git.test.com/projects/TEST-PROJ/repos/test-repository/pull-requests/1/overview|pull request>.",
    },
    {
      "blocks": [
        {
          "text": {
            "text": ":traffic_light: Test Reviewer 1 approved <https://git.test.com/projects/TEST-PROJ/repos/test-repository/pull-requests/1/overview|pull request>.",
            "type": "mrkdwn",
          },
          "type": "section",
        },
        {
          "type": "divider",
        },
        {
          "elements": [
            {
              "text": ":large_yellow_circle:  Approved: Test Reviewer 1 |  Not reviewed: Test Reviewer 2",
              "type": "mrkdwn",
            },
          ],
          "type": "context",
        },
      ],
      "channelId": "12345",
      "iconEmoji": ":bitbucket:",
      "text": ":traffic_light: Test Reviewer 1 approved <https://git.test.com/projects/TEST-PROJ/repos/test-repository/pull-requests/1/overview|pull request>.",
    },
  ],
}
`;
