// Jest Snapshot v1, https://goo.gl/fbAQLP

exports[`handleBitbucketWebhook Should update channel participants on reviewers list update 1`] = `
{
  "addedBookmarks": [],
  "addedReactions": [],
  "archivedChannels": [],
  "createdChannels": [],
  "invitesToChannels": [
    {
      "channelId": "12345",
      "force": true,
      "users": [
        "test.reviewer3@test.com",
      ],
    },
  ],
  "kicksFromChannels": [
    {
      "channelId": "12345",
      "users": [
        "test.reviewer1@test.com",
      ],
    },
  ],
  "lookedUpUsers": [
    [
      {
        "displayName": "Test Reviewer 3",
        "emailAddress": "test.reviewer3@test.com",
        "name": "TestReviewer3",
      },
    ],
    [
      {
        "displayName": "Test Reviewer 1",
        "emailAddress": "test.reviewer1@test.com",
        "name": "TestReviewer1",
      },
    ],
  ],
  "searchedChannels": [
    "pr-test-proj-test-repository-1",
  ],
  "searchedCommentSnapshots": [],
  "searchedPrOpenedBroadcastMessages": [],
  "sentMessages": [],
}
`;
