// Jest Snapshot v1, https://goo.gl/fbAQLP

exports[`handleBitbucketWebhook Should send message on PR commit 1`] = `
{
  "addedBookmarks": [],
  "addedReactions": [],
  "closeChannelCalls": [],
  "invitesToChannels": [],
  "kicksFromChannels": [],
  "lookedUpUsers": [],
  "searchedCommentSnapshots": [],
  "searchedPrOpenedBroadcastMessages": [],
  "sentMessages": [
    {
      "blocks": [
        {
          "text": {
            "text": ":new: Test Author added <https://git.test.com/projects/TEST-PROJ/repos/test-repository/pull-requests/1/commits/from-ref-commit-hash|new commit>.",
            "type": "mrkdwn",
          },
          "type": "section",
        },
        {
          "text": {
            "text": "Commit message: 
> Test comment for TEST-PROJ, test-repository, from-ref-commit-hash",
            "type": "mrkdwn",
          },
          "type": "section",
        },
        {
          "text": {
            "text": "Please <https://git.test.com/projects/TEST-PROJ/repos/test-repository/pull-requests/1/overview|review the PR>",
            "type": "mrkdwn",
          },
          "type": "section",
        },
      ],
      "iconEmoji": ":bitbucket:",
      "text": ":new: Test Author added <https://git.test.com/projects/TEST-PROJ/repos/test-repository/pull-requests/1/commits/from-ref-commit-hash|new commit>.",
    },
  ],
}
`;
