// Jest Snapshot v1, https://goo.gl/fbAQLP

exports[`handleBitbucketWebhook Should update channel participants on reviewers list update 1`] = `
{
  "addedBookmarks": [],
  "addedReactions": [],
  "archivedChannels": [],
  "createdChannels": [
    {
      "id": "12345",
      "isArchived": false,
      "name": "pr-test-proj-test-repository-1",
    },
  ],
  "invitesToChannels": [
    {
      "channelId": "12345",
      "force": true,
      "users": [
        "test.reviewer3@test.com",
      ],
    },
  ],
  "kicksFromChannels": [
    {
      "channelId": "12345",
      "users": [
        "test.reviewer1@test.com",
      ],
    },
  ],
  "lookedUpUsers": [
    [
      "test.reviewer3@test.com",
    ],
    [
      "test.reviewer1@test.com",
    ],
  ],
  "searchedChannels": [],
  "searchedCommentSnapshots": [],
  "searchedPrOpenedBroadcastMessages": [],
  "sentMessages": [],
}
`;
